"error type" "file"
"1" "ERROR" "3B-HHR.MS.MRG.3IMERG.20050805-S033000-E035959.0210.V06B.HDF5.SUB.nc4"
"error type" "file"
"1" "ERROR" "3B-HHR.MS.MRG.3IMERG.20080103-S193000-E195959.1170.V06B.HDF5.SUB.nc4"
